// Jest Snapshot v1, https://goo.gl/fbAQLP

exports[`renders correctly 1`] = `
<div
  className="card"
>
  <div
    className="card-image"
  >
    <figure
      className="image is-4by3"
    >
      <img
        alt="Placeholder image"
        src="https://bulma.io/images/placeholders/1280x960.png"
      />
    </figure>
  </div>
  <div
    className="card-content"
  >
    <div
      className="media"
    >
      <div
        className="media-left"
      >
        <figure
          className="image is-48x48"
        >
          <img
            alt="Placeholder image"
            src="https://bulma.io/images/placeholders/96x96.png"
          />
        </figure>
      </div>
      <div
        className="media-content"
      >
        <p
          className="title is-4"
        >
          John Smith
        </p>
        <p
          className="subtitle is-6"
        >
          @johnsmith
        </p>
      </div>
    </div>
    <div
      className="content"
    >
      Lorem ipsum dolor sit amet, consectetur adipiscing elit. Phasellus nec iaculis mauris. 
      <a>
        @bulmaio
      </a>
      .
      <a
        href="#"
      >
        #css
      </a>
       
      <a
        href="#"
      >
        #responsive
      </a>
    </div>
  </div>
</div>
`;
